
11-27 14:28:33.099 W/LogErrorOperation(24645): onLogError callback failed.
11-27 14:28:33.379 W/NearbyConnections(24645): In PcpManager, failed to read the ConnectionRequestFrame after 5000 ms. Timing out and closing EndpointChannel WIFI_LAN.
11-27 14:28:33.391 E/NearbyConnections(24645): onIncomingConnection(WIFI_LAN) mode: LEGACY, for client 84576924 failed to initialize the connection with WifiLanSocket_Virtual:Socket[address=/192.168.1.94,port=51271,localPort=53601] [CONTEXT service_id=54 ]
11-27 14:28:33.391 E/NearbyConnections(24645): java.io.IOException: In readConnectionRequestFrame, attempted to read a ConnectionRequestFrame from EndpointChannel WIFI_LAN but was unable to obtain any OfflineFrame.
11-27 14:28:33.391 E/NearbyConnections(24645): Caused by: java.io.EOFException
11-27 14:28:33.406 E/NearbyConnections(24645): onIncomingConnection(WIFI_LAN) mode: LEGACY, for client 84576924 failed to initialize the connection with WifiLanSocket_Virtual:Socket[address=/192.168.1.94,port=51276,localPort=53601] [CONTEXT service_id=54 ]
11-27 14:28:33.406 E/NearbyConnections(24645): java.io.IOException: In readConnectionRequestFrame, attempted to read a ConnectionRequestFrame from EndpointChannel WIFI_LAN but was unable to obtain any OfflineFrame.
11-27 14:28:33.406 E/NearbyConnections(24645): Caused by: java.io.IOException
11-27 14:28:33.657 W/WifiNetworkFactory( 2595): recentFailure: Association Rejection code: 0, last update time: 0
11-27 14:28:33.679 I/NetGuard.Monitor( 7678): New capabilities network 2364 [type: WIFI[], state: CONNECTED/CONNECTED, reason: (unspecified), extra: , failover: false, available: true, roaming: false]
11-27 14:28:33.687 W/LogErrorOperation(24645): onLogError callback failed.
11-27 14:28:33.884 I/Nearby  (24645): (REDACTED) Failed to shutdown executor %s.
11-27 14:28:34.118 W/LogErrorOperation(24645): onLogError callback failed.
11-27 14:28:34.398 D/NetdEventListenerService( 2595): DNS Requested by 2364, 10728(com.playsportpro.app), 4(FAIL), isBlocked=true, 0ms
11-27 14:28:34.400 D/NetdEventListenerService( 2595): DNS Requested by 2364, 10728(com.playsportpro.app), 4(FAIL), isBlocked=true, 0ms
11-27 14:28:34.414 D/NetdEventListenerService( 2595): DNS Requested by 2364, 10728(com.playsportpro.app), 4(FAIL), isBlocked=true, 0ms
11-27 14:28:34.416 D/NetdEventListenerService( 2595): DNS Requested by 2364, 10728(com.playsportpro.app), 4(FAIL), isBlocked=true, 0ms
11-27 14:28:36.206 W/LogErrorOperation(24645): onLogError callback failed.
11-27 14:28:36.212 I/AlarmManager(24645): setExactAndAllowWhileIdle [name: FcmRetry type: 2 triggerAtMillis: 1343246091]
11-27 14:28:36.222 W/LogErrorOperation(24645): onLogError callback failed.
11-27 14:28:36.382 W/Binder  ( 8764): Caught a RuntimeException from the binder stub implementation.
11-27 14:28:36.382 W/Binder  ( 8764): java.lang.UnsupportedOperationException
11-27 14:28:36.460 W/Binder  ( 8764): Caught a RuntimeException from the binder stub implementation.
11-27 14:28:36.460 W/Binder  ( 8764): java.lang.UnsupportedOperationException
11-27 14:28:36.570 W/Binder  ( 8764): Caught a RuntimeException from the binder stub implementation.
11-27 14:28:36.570 W/Binder  ( 8764): java.lang.UnsupportedOperationException
11-27 14:28:36.575 W/Binder  ( 8764): Caught a RuntimeException from the binder stub implementation.
11-27 14:28:36.575 W/Binder  ( 8764): java.lang.UnsupportedOperationException
11-27 14:28:36.594 W/LogErrorOperation(24645): onLogError callback failed.
11-27 14:28:37.915 W/Binder  ( 8764): Caught a RuntimeException from the binder stub implementation.
11-27 14:28:37.915 W/Binder  ( 8764): java.lang.UnsupportedOperationException
11-27 14:28:38.047 V/WindowManagerShell( 3939): Directly starting a new transition type=3 wct=WindowContainerTransaction { changes = {} hops = [{PendingIntent: options=Bundle[mParcelledData.dataSize=1764]}] errorCallbackToken=null taskFragmentOrganizer=null } handler=com.android.wm.shell.recents.RecentsTransitionHandler@9e89a7b
11-27 14:28:38.047 I/WindowOrganizer( 3939): startNewTransition, type=3, t=WindowContainerTransaction { changes = {} hops = [{PendingIntent: options=Bundle[mParcelledData.dataSize=1764]}] errorCallbackToken=null taskFragmentOrganizer=null }, caller=com.android.wm.shell.transition.Transitions.startTransition:42 com.android.wm.shell.recents.RecentsTransitionHandler.startRecentsTransition:161 com.android.wm.shell.recents.RecentTasksController$IRecentTasksImpl$$ExternalSyntheticLambda1.accept:15 com.android.wm.shell.common.ExternalInterfaceBinder$$ExternalSyntheticLambda0.run:10 android.os.Handler.handleCallback:959 
11-27 14:28:38.078 V/WindowManager( 2595):     startWCT=WindowContainerTransaction { changes = {} hops = [{PendingIntent: options=Bundle[{android.activity.splashScreenStyle=-1, android.activity.sourceInfo=android.app.ActivityOptions$SourceInfo@342aee8, android:activity.isMlLaunch=-1, android.activity.splitTaskDeferResume=false, android.pendingIntent.backgroundActivityAllowed=1, android:activity.isActiveLaunch=false, android.activity.launchTypeDnD=false, android:activity.startedFromWindowTypeLauncher=false, android:activity.unhandledDropLaunch=false, android:activity.launchInFocusedStageRoot=false, android:activity.animAbortListener=null, android.activity.disableSplashScreen=false, android.activity.startAssistantActivity=false, android:activity.applyBigFreeformSize=false, android.activity.enterPipWhileLaunching=false, android.activity.splitPosition=0, android.activity.preserveTaskWindowingMode=false, android:activity.enterSplitSideWithAdjacentFlag=0, android.activity.transientLaunch=true}]}] errorCallbackToken=null taskFragmentOrganizer=null }
11-27 14:28:38.144 W/droid.bluetooth( 4179): system/main/shim/acl.cc:1693 OnConnectFail: Connection failed classic remote:xx:xx:xx:xx:c3:e1 reason:PAGE_TIMEOUT(0x04)
11-27 14:28:38.144 W/bluetooth( 4179): system/bta/jv/bta_jv_act.cc:841 bta_jv_start_discovery_cback: Received service discovery callback failed bd_addr:xx:xx:xx:xx:c3:e1 result:SDP_CFG_FAILED
11-27 14:28:38.144 I/bluetooth( 4179): system/bta/jv/bta_jv_act.cc:845 bta_jv_start_discovery_cback: Issuing service discovery complete callback bd_addr:xx:xx:xx:xx:c3:e1 result:SDP_CFG_FAILED status:tBTA_JV_STATUS::FAILURE scn:0
11-27 14:28:38.144 E/bt_btif_sock_rfcomm( 4179): system/btif/src/btif_sock_rfc.cc:874 handle_discovery_comp: SDP service discovery completed for slot id: 1534 with the result status: tBTA_JV_STATUS::FAILURE, scn: 0
11-27 14:28:38.405 W/Binder  ( 8764): Caught a RuntimeException from the binder stub implementation.
11-27 14:28:38.405 W/Binder  ( 8764): java.lang.UnsupportedOperationException
11-27 14:28:38.503 W/Binder  ( 8764): Caught a RuntimeException from the binder stub implementation.
11-27 14:28:38.503 W/Binder  ( 8764): java.lang.UnsupportedOperationException
11-27 14:28:38.618 W/AiSuggestionModuleProvider( 6989): createAiSuggestionApiImplInstance, failed to create instance
11-27 14:28:39.388 D/NetdEventListenerService( 2595): DNS Requested by 2364, 10728(com.playsportpro.app), 4(FAIL), isBlocked=true, 0ms
11-27 14:28:39.390 D/NetdEventListenerService( 2595): DNS Requested by 2364, 10728(com.playsportpro.app), 4(FAIL), isBlocked=true, 0ms
11-27 14:28:39.398 D/NetdEventListenerService( 2595): DNS Requested by 2364, 10728(com.playsportpro.app), 4(FAIL), isBlocked=true, 0ms
11-27 14:28:39.399 D/NetdEventListenerService( 2595): DNS Requested by 2364, 10728(com.playsportpro.app), 4(FAIL), isBlocked=true, 0ms
11-27 14:28:39.688 W/WifiNetworkFactory( 2595): recentFailure: Association Rejection code: 0, last update time: 0
11-27 14:28:39.700 I/NetGuard.Monitor( 7678): New capabilities network 2364 [type: WIFI[], state: CONNECTED/CONNECTED, reason: (unspecified), extra: , failover: false, available: true, roaming: false]
11-27 14:28:40.002 I/FirebaseApp(10607): Device unlocked: initializing all Firebase APIs for app [DEFAULT]
11-27 14:28:40.004 I/FirebaseInitProvider(10607): FirebaseApp initialization successful
11-27 14:28:40.047 E/BCL@CoreSvc(10607): (EmClassHelper) Failed to instantiate EmActionHandler : java.lang.ClassNotFoundException: com.samsung.android.bixby.agent2.cphandler.EmActionHandler
11-27 14:28:40.055 E/BCL@CoreSvc(10607): (EmClassHelper) Failed to get ActorNormalAccessibilityService class
11-27 14:28:40.107 E/engmode_aidl_service( 1234): error to server(0xd0060012)
11-27 14:28:40.333 I/ActivityManager( 2595): android.util.AndroidRuntimeException: Activity could not be started for Intent { act=android.intent.action.MAIN cat=[android.intent.category.LAUNCHER] flg=0x10000000 pkg=com.eco.global.app cmp=com.eco.global.app/com.eco.main.activity.EcoLauncherActivity }
11-27 14:28:42.382 D/Capacitor( 8181): Handling local request: https://localhost/sw.js
11-27 14:28:42.552 I/ActivityManager( 2595): android.util.AndroidRuntimeException: Activity could not be started for Intent { act=android.intent.action.MAIN cat=[android.intent.category.LAUNCHER] flg=0x10000000 pkg=com.mobvoi.companion.aw cmp=com.mobvoi.companion.aw/.StartEntry }
11-27 14:28:43.232 I/ActivityManager( 2595): android.util.AndroidRuntimeException: Activity could not be started for Intent { act=android.intent.action.MAIN cat=[android.intent.category.LAUNCHER] flg=0x10000000 pkg=com.oasitigre.kwallet cmp=com.oasitigre.kwallet/.MainActivity }
11-27 14:28:43.377 I/HoneySpace.CustomApplistRecyclerViewAdapter( 4536): onBindViewHolder 173 173 Play Console
11-27 14:28:44.839 V/WindowManager( 2595):     startWCT=WindowContainerTransaction { changes = {} hops = [] errorCallbackToken=null taskFragmentOrganizer=null }
11-27 14:28:44.839 D/Capacitor( 8181): App restarted
11-27 14:28:44.841 D/SemWifiPackageInfo( 2595): isSkipCategory - skip:FAILED
11-27 14:28:44.868 D/Capacitor( 8181): App started
11-27 14:28:44.868 D/Capacitor/LN( 8181): LocalNotification received: null
11-27 14:28:44.868 D/Capacitor/LN( 8181): Activity started without notification attached
11-27 14:28:44.869 D/Capacitor( 8181): App resumed
11-27 14:28:44.884 I/View    ( 8181): setRequestedFrameRate frameRate=-4.0, this=com.getcapacitor.CapacitorWebView{3bc2843 VFEDHVC.. .F...... 0,0-1440,3120 #7f0800c6 app:id/webview aid=1073741824}, caller=WV.hf.b:1 WV.jg.h:118 WV.jg.onDraw:7 com.android.webview.chromium.WebViewChromium.onDraw:19 android.webkit.WebView.onDraw:2959 
11-27 14:28:44.928 I/View    ( 8181): setRequestedFrameRate frameRate=-4.0, this=com.getcapacitor.CapacitorWebView{3bc2843 VFEDHVC.. .F...... 0,0-1440,3120 #7f0800c6 app:id/webview aid=1073741824}, caller=WV.hf.b:1 WV.jg.h:118 WV.jg.onDraw:7 com.android.webview.chromium.WebViewChromium.onDraw:19 android.webkit.WebView.onDraw:2959 
11-27 14:28:44.935 I/View    ( 8181): setRequestedFrameRate frameRate=-4.0, this=com.getcapacitor.CapacitorWebView{3bc2843 VFEDHVC.. .F...... 0,0-1440,3120 #7f0800c6 app:id/webview aid=1073741824}, caller=WV.hf.b:1 WV.jg.h:118 WV.jg.onDraw:7 com.android.webview.chromium.WebViewChromium.onDraw:19 android.webkit.WebView.onDraw:2959 
11-27 14:28:44.943 I/View    ( 8181): setRequestedFrameRate frameRate=-4.0, this=com.getcapacitor.CapacitorWebView{3bc2843 VFEDHVC.. .F...... 0,0-1440,3120 #7f0800c6 app:id/webview aid=1073741824}, caller=WV.hf.b:1 WV.jg.h:118 WV.jg.onDraw:7 com.android.webview.chromium.WebViewChromium.onDraw:19 android.webkit.WebView.onDraw:2959 
11-27 14:28:44.952 I/View    ( 8181): setRequestedFrameRate frameRate=-4.0, this=com.getcapacitor.CapacitorWebView{3bc2843 VFEDHVC.. .F...... 0,0-1440,3120 #7f0800c6 app:id/webview aid=1073741824}, caller=WV.hf.b:1 WV.jg.h:118 WV.jg.onDraw:7 com.android.webview.chromium.WebViewChromium.onDraw:19 android.webkit.WebView.onDraw:2959 
11-27 14:28:44.961 I/View    ( 8181): setRequestedFrameRate frameRate=-4.0, this=com.getcapacitor.CapacitorWebView{3bc2843 VFEDHVC.. .F...... 0,0-1440,3120 #7f0800c6 app:id/webview aid=1073741824}, caller=WV.hf.b:1 WV.jg.h:118 WV.jg.onDraw:7 com.android.webview.chromium.WebViewChromium.onDraw:19 android.webkit.WebView.onDraw:2959 
11-27 14:28:44.968 I/View    ( 8181): setRequestedFrameRate frameRate=-4.0, this=com.getcapacitor.CapacitorWebView{3bc2843 VFEDHVC.. .F...... 0,0-1440,3120 #7f0800c6 app:id/webview aid=1073741824}, caller=WV.hf.b:1 WV.jg.h:118 WV.jg.onDraw:7 com.android.webview.chromium.WebViewChromium.onDraw:19 android.webkit.WebView.onDraw:2959 
11-27 14:28:44.977 I/View    ( 8181): setRequestedFrameRate frameRate=-4.0, this=com.getcapacitor.CapacitorWebView{3bc2843 VFEDHVC.. .F...... 0,0-1440,3120 #7f0800c6 app:id/webview aid=1073741824}, caller=WV.hf.b:1 WV.jg.h:118 WV.jg.onDraw:7 com.android.webview.chromium.WebViewChromium.onDraw:19 android.webkit.WebView.onDraw:2959 
11-27 14:28:45.015 W/NK_BaseConfig(12578): IntentService[HiH_HiSyncService]|embedded.e|65353|Set value error, value of core_metrics_data is out of range.
11-27 14:28:45.135 W/OkHttp  (12578): Android10Platform sethostname error
11-27 14:28:45.378 W/AiSuggestionModuleProvider( 6989): createAiSuggestionApiImplInstance, failed to create instance
11-27 14:28:45.391 W/NK_BaseConfig(12578): IntentService[HiH_HiSyncService]|embedded.e|65353|Set value error, value of core_metrics_data is out of range.
11-27 14:28:45.488 I/R_NotifiContProvUt(12578): 1600009300|R|I|fetch liveInfo cloud switch state,onResponse errorCode:-1,state in cloud:null
11-27 14:28:45.490 W/NK_BaseConfig(12578): IntentService[HiH_HiSyncService]|embedded.e|65353|Set value error, value of core_metrics_data is out of range.
11-27 14:28:45.496 E/FormalHASDK(12578): DeviceUtil==> invokeStaticFun fail
11-27 14:28:45.496 E/FormalHASDK(12578): DeviceUtil==> invokeStaticFun fail
11-27 14:28:45.496 E/FormalHASDK(12578): DeviceUtil==> invokeStaticFun fail
11-27 14:28:45.546 W/R_NetworkClientUtils(12578): 1600009300|R|W|response failed, url:h*t*s*/*s*o*t*a*a*d*e*t*i*g*.*b*n*c*o*d*c*m*h*a*t*E*p*n*i*n*e*t*n*e*/*e*C*r*e*t*e*s*o*, response code:404, message:Not Found
11-27 14:28:45.548 E/HiH_SyncErrorMgr(12578): 1600009300|R|E|checkCloudAns rsp is null
11-27 14:28:45.548 I/HiH_HiSyncUtil(12578): 1600009300|R|I|getBusinessDataVersion syncException SYNC_EX: CLOUD_NO_ANS 
11-27 14:28:45.554 W/NK_BaseConfig(12578): IntentService[HiH_HiSyncService]|embedded.e|65353|Set value error, value of core_metrics_data is out of range.
11-27 14:28:45.586 W/OkHttp  (12578): Android10Platform sethostname error
11-27 14:28:45.615 W/OkHttp  (12578): Android10Platform sethostname error
11-27 14:28:45.647 W/OkHttp  (12578): Android10Platform sethostname error
11-27 14:28:45.721 W/WifiNetworkFactory( 2595): recentFailure: Association Rejection code: 0, last update time: 0
11-27 14:28:45.744 I/NetGuard.Monitor( 7678): New capabilities network 2364 [type: WIFI[], state: CONNECTED/CONNECTED, reason: (unspecified), extra: , failover: false, available: true, roaming: false]
11-27 14:28:45.903 W/NK_BaseConfig(12578): IntentService[HiH_HiSyncService]|embedded.e|65353|Set value error, value of core_metrics_data is out of range.
11-27 14:28:45.913 I/HiH_HiHealthNatApi(12578): 1600009300|R|I|aggregateHiHealthData errorCode=0,HiAggregateOption{sTm=1764198000000,eTm=1764284399999,fltSTm=null,fltETm=null,mdfStm=0,mdfEtm=0,tp=[40011, 40012, 40013, 40002, 40003, 40005, 40004, 47101, 200005921],aliTp=0,aggTp=1,grpUntTp=3,ct=0},tlTm=2,waitTm=1, executedTm=1,onResultTm=0
11-27 14:28:45.914 I/HiH_HiHealthNatApi(12578): 1600009300|R|I|readHiHealthData option = HiDataReadOption{sTm=1764198000000,eTm=1764284399999,fltSTm=null,fltETm=null,mdfStm=0,mdfEtm=0,tp=[901],ct=0,sortOdr=1,rTp=0,aliTp=0}errorCode is 0, totalTime = 2, wait time = 0, executed time is 2, onResult time = 0
11-27 14:28:45.916 I/SCUI_ActiveGoalUtil(12578): 1600009300|R|I|onResult errorCode: 0, data: [HiSampleConfig {id=3,tp=9002,cfgId=900200006,scApp=0,scDevTp=0,cfgDt={"<C1>":10000,"modifiedTime":1685333623531},cfgDesp=null,mtDt=null,clntId=7,sStatus=1,mTm=1685333623531,devUId=null,pkgNm=null}]
11-27 14:28:45.978 W/NK_BaseConfig(12578): IntentService[HiH_HiSyncService]|embedded.e|65353|Set value error, value of core_metrics_data is out of range.
11-27 14:28:46.000 I/View    ( 8181): setRequestedFrameRate frameRate=-4.0, this=com.getcapacitor.CapacitorWebView{3bc2843 VFEDHVC.. .F...... 0,0-1440,3120 #7f0800c6 app:id/webview aid=1073741824}, caller=WV.hf.b:1 WV.jg.h:118 WV.jg.onDraw:7 com.android.webview.chromium.WebViewChromium.onDraw:19 android.webkit.WebView.onDraw:2959 
11-27 14:28:46.009 I/View    ( 8181): setRequestedFrameRate frameRate=-4.0, this=com.getcapacitor.CapacitorWebView{3bc2843 VFEDHVC.. .F...... 0,0-1440,3120 #7f0800c6 app:id/webview aid=1073741824}, caller=WV.hf.b:1 WV.jg.h:118 WV.jg.onDraw:7 com.android.webview.chromium.WebViewChromium.onDraw:19 android.webkit.WebView.onDraw:2959 
11-27 14:28:46.019 I/View    ( 8181): setRequestedFrameRate frameRate=-4.0, this=com.getcapacitor.CapacitorWebView{3bc2843 VFEDHVC.. .F...... 0,0-1440,3120 #7f0800c6 app:id/webview aid=1073741824}, caller=WV.hf.b:1 WV.jg.h:118 WV.jg.onDraw:7 com.android.webview.chromium.WebViewChromium.onDraw:19 android.webkit.WebView.onDraw:2959 
11-27 14:28:46.021 I/AdrenoVK-0( 8181): Shader compilation failed for shaderType: 4
11-27 14:28:46.021 I/AdrenoVK-0( 8181): Pipeline create failed
11-27 14:28:46.060 W/NK_BaseConfig(12578): IntentService[HiH_HiSyncService]|embedded.e|65353|Set value error, value of core_metrics_data is out of range.
11-27 14:28:46.099 I/View    ( 8181): setRequestedFrameRate frameRate=-4.0, this=com.getcapacitor.CapacitorWebView{3bc2843 VFEDHVC.. .F...... 0,0-1440,3120 #7f0800c6 app:id/webview aid=1073741824}, caller=WV.hf.b:1 WV.jg.h:118 WV.jg.onDraw:7 com.android.webview.chromium.WebViewChromium.onDraw:19 android.webkit.WebView.onDraw:2959 
11-27 14:28:46.104 I/View    ( 8181): setRequestedFrameRate frameRate=-4.0, this=com.getcapacitor.CapacitorWebView{3bc2843 VFEDHVC.. .F...... 0,0-1440,3120 #7f0800c6 app:id/webview aid=1073741824}, caller=WV.hf.b:1 WV.jg.h:118 WV.jg.onDraw:7 com.android.webview.chromium.WebViewChromium.onDraw:19 android.webkit.WebView.onDraw:2959 
11-27 14:28:46.117 I/View    ( 8181): setRequestedFrameRate frameRate=-4.0, this=com.getcapacitor.CapacitorWebView{3bc2843 VFEDHVC.. .F...... 0,0-1440,3120 #7f0800c6 app:id/webview aid=1073741824}, caller=WV.hf.b:1 WV.jg.h:118 WV.jg.onDraw:7 com.android.webview.chromium.WebViewChromium.onDraw:19 android.webkit.WebView.onDraw:2959 
11-27 14:28:46.126 I/View    ( 8181): setRequestedFrameRate frameRate=-4.0, this=com.getcapacitor.CapacitorWebView{3bc2843 VFEDHVC.. .F...... 0,0-1440,3120 #7f0800c6 app:id/webview aid=1073741824}, caller=WV.hf.b:1 WV.jg.h:118 WV.jg.onDraw:7 com.android.webview.chromium.WebViewChromium.onDraw:19 android.webkit.WebView.onDraw:2959 
11-27 14:28:46.134 I/View    ( 8181): setRequestedFrameRate frameRate=-4.0, this=com.getcapacitor.CapacitorWebView{3bc2843 VFEDHVC.. .F...... 0,0-1440,3120 #7f0800c6 app:id/webview aid=1073741824}, caller=WV.hf.b:1 WV.jg.h:118 WV.jg.onDraw:7 com.android.webview.chromium.WebViewChromium.onDraw:19 android.webkit.WebView.onDraw:2959 
11-27 14:28:46.140 W/NK_BaseConfig(12578): IntentService[HiH_HiSyncService]|embedded.e|65353|Set value error, value of core_metrics_data is out of range.
11-27 14:28:46.142 I/View    ( 8181): setRequestedFrameRate frameRate=-4.0, this=com.getcapacitor.CapacitorWebView{3bc2843 VFEDHVC.. .F...... 0,0-1440,3120 #7f0800c6 app:id/webview aid=1073741824}, caller=WV.hf.b:1 WV.jg.h:118 WV.jg.onDraw:7 com.android.webview.chromium.WebViewChromium.onDraw:19 android.webkit.WebView.onDraw:2959 
11-27 14:28:46.150 I/View    ( 8181): setRequestedFrameRate frameRate=-4.0, this=com.getcapacitor.CapacitorWebView{3bc2843 VFEDHVC.. .F...... 0,0-1440,3120 #7f0800c6 app:id/webview aid=1073741824}, caller=WV.hf.b:1 WV.jg.h:118 WV.jg.onDraw:7 com.android.webview.chromium.WebViewChromium.onDraw:19 android.webkit.WebView.onDraw:2959 
11-27 14:28:46.159 I/View    ( 8181): setRequestedFrameRate frameRate=-4.0, this=com.getcapacitor.CapacitorWebView{3bc2843 VFEDHVC.. .F...... 0,0-1440,3120 #7f0800c6 app:id/webview aid=1073741824}, caller=WV.hf.b:1 WV.jg.h:118 WV.jg.onDraw:7 com.android.webview.chromium.WebViewChromium.onDraw:19 android.webkit.WebView.onDraw:2959 
11-27 14:28:46.167 I/View    ( 8181): setRequestedFrameRate frameRate=-4.0, this=com.getcapacitor.CapacitorWebView{3bc2843 VFEDHVC.. .F...... 0,0-1440,3120 #7f0800c6 app:id/webview aid=1073741824}, caller=WV.hf.b:1 WV.jg.h:118 WV.jg.onDraw:7 com.android.webview.chromium.WebViewChromium.onDraw:19 android.webkit.WebView.onDraw:2959 
11-27 14:28:46.176 I/View    ( 8181): setRequestedFrameRate frameRate=-4.0, this=com.getcapacitor.CapacitorWebView{3bc2843 VFEDHVC.. .F...... 0,0-1440,3120 #7f0800c6 app:id/webview aid=1073741824}, caller=WV.hf.b:1 WV.jg.h:118 WV.jg.onDraw:7 com.android.webview.chromium.WebViewChromium.onDraw:19 android.webkit.WebView.onDraw:2959 
11-27 14:28:46.184 I/View    ( 8181): setRequestedFrameRate frameRate=-4.0, this=com.getcapacitor.CapacitorWebView{3bc2843 VFEDHVC.. .F...... 0,0-1440,3120 #7f0800c6 app:id/webview aid=1073741824}, caller=WV.hf.b:1 WV.jg.h:118 WV.jg.onDraw:7 com.android.webview.chromium.WebViewChromium.onDraw:19 android.webkit.WebView.onDraw:2959 
11-27 14:28:46.192 I/View    ( 8181): setRequestedFrameRate frameRate=-4.0, this=com.getcapacitor.CapacitorWebView{3bc2843 VFEDHVC.. .F...... 0,0-1440,3120 #7f0800c6 app:id/webview aid=1073741824}, caller=WV.hf.b:1 WV.jg.h:118 WV.jg.onDraw:7 com.android.webview.chromium.WebViewChromium.onDraw:19 android.webkit.WebView.onDraw:2959 
11-27 14:28:46.200 I/View    ( 8181): setRequestedFrameRate frameRate=-4.0, this=com.getcapacitor.CapacitorWebView{3bc2843 VFEDHVC.. .F...... 0,0-1440,3120 #7f0800c6 app:id/webview aid=1073741824}, caller=WV.hf.b:1 WV.jg.h:118 WV.jg.onDraw:7 com.android.webview.chromium.WebViewChromium.onDraw:19 android.webkit.WebView.onDraw:2959 
11-27 14:28:46.209 I/View    ( 8181): setRequestedFrameRate frameRate=-4.0, this=com.getcapacitor.CapacitorWebView{3bc2843 VFEDHVC.. .F...... 0,0-1440,3120 #7f0800c6 app:id/webview aid=1073741824}, caller=WV.hf.b:1 WV.jg.h:118 WV.jg.onDraw:7 com.android.webview.chromium.WebViewChromium.onDraw:19 android.webkit.WebView.onDraw:2959 
11-27 14:28:46.210 I/HiH_HiHealthNatApi(12578): 1600009300|R|I|readHiHealthData option = HiDataReadOption{sTm=1764198000000,eTm=1764284399999,fltSTm=null,fltETm=null,mdfStm=0,mdfEtm=0,tp=[2],ct=0,sortOdr=1,rTp=2,aliTp=20001}errorCode is 0, totalTime = 2, wait time = 0, executed time is 2, onResult time = 0
11-27 14:28:46.216 I/HiH_HiHealthNatApi(12578): 1600009300|R|I|readHiHealthData option = HiDataReadOption{sTm=1764198000000,eTm=1764284399999,fltSTm=null,fltETm=null,mdfStm=0,mdfEtm=0,tp=[30007],ct=0,sortOdr=1,rTp=2,aliTp=0}errorCode is 0, totalTime = 4, wait time = 1, executed time is 3, onResult time = 0
11-27 14:28:46.217 I/View    ( 8181): setRequestedFrameRate frameRate=-4.0, this=com.getcapacitor.CapacitorWebView{3bc2843 VFEDHVC.. .F...... 0,0-1440,3120 #7f0800c6 app:id/webview aid=1073741824}, caller=WV.hf.b:1 WV.jg.h:118 WV.jg.onDraw:7 com.android.webview.chromium.WebViewChromium.onDraw:19 android.webkit.WebView.onDraw:2959 
11-27 14:28:46.218 E/Capacitor/Console( 8181): File: https://localhost/club/sporting-cat/dashboard - Line 0 - Msg: Access to fetch at 'https://us-central1-m-padelweb.cloudfunctions.net/getUserNotifications' from origin 'https://localhost' has been blocked by CORS policy: Response to preflight request doesn't pass access control check: No 'Access-Control-Allow-Origin' header is present on the requested resource.
11-27 14:28:46.220 W/NK_BaseConfig(12578): IntentService[HiH_HiSyncService]|embedded.e|65353|Set value error, value of core_metrics_data is out of range.
11-27 14:28:46.226 I/View    ( 8181): setRequestedFrameRate frameRate=-4.0, this=com.getcapacitor.CapacitorWebView{3bc2843 VFEDHVC.. .F...... 0,0-1440,3120 #7f0800c6 app:id/webview aid=1073741824}, caller=WV.hf.b:1 WV.jg.h:118 WV.jg.onDraw:7 com.android.webview.chromium.WebViewChromium.onDraw:19 android.webkit.WebView.onDraw:2959 
11-27 14:28:46.234 I/View    ( 8181): setRequestedFrameRate frameRate=-4.0, this=com.getcapacitor.CapacitorWebView{3bc2843 VFEDHVC.. .F...... 0,0-1440,3120 #7f0800c6 app:id/webview aid=1073741824}, caller=WV.hf.b:1 WV.jg.h:118 WV.jg.onDraw:7 com.android.webview.chromium.WebViewChromium.onDraw:19 android.webkit.WebView.onDraw:2959 
11-27 14:28:46.242 I/View    ( 8181): setRequestedFrameRate frameRate=-4.0, this=com.getcapacitor.CapacitorWebView{3bc2843 VFEDHVC.. .F...... 0,0-1440,3120 #7f0800c6 app:id/webview aid=1073741824}, caller=WV.hf.b:1 WV.jg.h:118 WV.jg.onDraw:7 com.android.webview.chromium.WebViewChromium.onDraw:19 android.webkit.WebView.onDraw:2959 
11-27 14:28:46.251 I/View    ( 8181): setRequestedFrameRate frameRate=-4.0, this=com.getcapacitor.CapacitorWebView{3bc2843 VFEDHVC.. .F...... 0,0-1440,3120 #7f0800c6 app:id/webview aid=1073741824}, caller=WV.hf.b:1 WV.jg.h:118 WV.jg.onDraw:7 com.android.webview.chromium.WebViewChromium.onDraw:19 android.webkit.WebView.onDraw:2959 
11-27 14:28:46.259 I/View    ( 8181): setRequestedFrameRate frameRate=-4.0, this=com.getcapacitor.CapacitorWebView{3bc2843 VFEDHVC.. .F...... 0,0-1440,3120 #7f0800c6 app:id/webview aid=1073741824}, caller=WV.hf.b:1 WV.jg.h:118 WV.jg.onDraw:7 com.android.webview.chromium.WebViewChromium.onDraw:19 android.webkit.WebView.onDraw:2959 
11-27 14:28:46.267 I/View    ( 8181): setRequestedFrameRate frameRate=-4.0, this=com.getcapacitor.CapacitorWebView{3bc2843 VFEDHVC.. .F...... 0,0-1440,3120 #7f0800c6 app:id/webview aid=1073741824}, caller=WV.hf.b:1 WV.jg.h:118 WV.jg.onDraw:7 com.android.webview.chromium.WebViewChromium.onDraw:19 android.webkit.WebView.onDraw:2959 
11-27 14:28:46.271 W/R_NetworkClientUtils(12578): 1600009300|R|W|response failed, url:h*t*s*/*s*o*t*a*a*d*e*t*i*g*.*b*n*c*o*d*c*m*h*a*t*E*p*n*i*n*e*t*n*e*/*e*C*r*e*t*e*s*o*, response code:404, message:Not Found
11-27 14:28:46.276 I/View    ( 8181): setRequestedFrameRate frameRate=-4.0, this=com.getcapacitor.CapacitorWebView{3bc2843 VFEDHVC.. .F...... 0,0-1440,3120 #7f0800c6 app:id/webview aid=1073741824}, caller=WV.hf.b:1 WV.jg.h:118 WV.jg.onDraw:7 com.android.webview.chromium.WebViewChromium.onDraw:19 android.webkit.WebView.onDraw:2959 
11-27 14:28:46.278 E/HiH_SyncErrorMgr(12578): 1600009300|R|E|checkCloudAns rsp is null
11-27 14:28:46.278 I/HiH_HiSyncUtil(12578): 1600009300|R|I|getBusinessDataVersion syncException SYNC_EX: CLOUD_NO_ANS 
11-27 14:28:46.284 I/View    ( 8181): setRequestedFrameRate frameRate=-4.0, this=com.getcapacitor.CapacitorWebView{3bc2843 VFEDHVC.. .F...... 0,0-1440,3120 #7f0800c6 app:id/webview aid=1073741824}, caller=WV.hf.b:1 WV.jg.h:118 WV.jg.onDraw:7 com.android.webview.chromium.WebViewChromium.onDraw:19 android.webkit.WebView.onDraw:2959 
11-27 14:28:46.292 I/View    ( 8181): setRequestedFrameRate frameRate=-4.0, this=com.getcapacitor.CapacitorWebView{3bc2843 VFEDHVC.. .F...... 0,0-1440,3120 #7f0800c6 app:id/webview aid=1073741824}, caller=WV.hf.b:1 WV.jg.h:118 WV.jg.onDraw:7 com.android.webview.chromium.WebViewChromium.onDraw:19 android.webkit.WebView.onDraw:2959 
11-27 14:28:46.301 I/View    ( 8181): setRequestedFrameRate frameRate=-4.0, this=com.getcapacitor.CapacitorWebView{3bc2843 VFEDHVC.. .F...... 0,0-1440,3120 #7f0800c6 app:id/webview aid=1073741824}, caller=WV.hf.b:1 WV.jg.h:118 WV.jg.onDraw:7 com.android.webview.chromium.WebViewChromium.onDraw:19 android.webkit.WebView.onDraw:2959 
11-27 14:28:46.309 I/View    ( 8181): setRequestedFrameRate frameRate=-4.0, this=com.getcapacitor.CapacitorWebView{3bc2843 VFEDHVC.. .F...... 0,0-1440,3120 #7f0800c6 app:id/webview aid=1073741824}, caller=WV.hf.b:1 WV.jg.h:118 WV.jg.onDraw:7 com.android.webview.chromium.WebViewChromium.onDraw:19 android.webkit.WebView.onDraw:2959 
11-27 14:28:46.317 I/View    ( 8181): setRequestedFrameRate frameRate=-4.0, this=com.getcapacitor.CapacitorWebView{3bc2843 VFEDHVC.. .F...... 0,0-1440,3120 #7f0800c6 app:id/webview aid=1073741824}, caller=WV.hf.b:1 WV.jg.h:118 WV.jg.onDraw:7 com.android.webview.chromium.WebViewChromium.onDraw:19 android.webkit.WebView.onDraw:2959 
11-27 14:28:46.325 I/View    ( 8181): setRequestedFrameRate frameRate=-4.0, this=com.getcapacitor.CapacitorWebView{3bc2843 VFEDHVC.. .F...... 0,0-1440,3120 #7f0800c6 app:id/webview aid=1073741824}, caller=WV.hf.b:1 WV.jg.h:118 WV.jg.onDraw:7 com.android.webview.chromium.WebViewChromium.onDraw:19 android.webkit.WebView.onDraw:2959 
11-27 14:28:46.334 I/View    ( 8181): setRequestedFrameRate frameRate=-4.0, this=com.getcapacitor.CapacitorWebView{3bc2843 VFEDHVC.. .F...... 0,0-1440,3120 #7f0800c6 app:id/webview aid=1073741824}, caller=WV.hf.b:1 WV.jg.h:118 WV.jg.onDraw:7 com.android.webview.chromium.WebViewChromium.onDraw:19 android.webkit.WebView.onDraw:2959 
11-27 14:28:46.342 I/View    ( 8181): setRequestedFrameRate frameRate=-4.0, this=com.getcapacitor.CapacitorWebView{3bc2843 VFEDHVC.. .F...... 0,0-1440,3120 #7f0800c6 app:id/webview aid=1073741824}, caller=WV.hf.b:1 WV.jg.h:118 WV.jg.onDraw:7 com.android.webview.chromium.WebViewChromium.onDraw:19 android.webkit.WebView.onDraw:2959 
11-27 14:28:46.350 I/View    ( 8181): setRequestedFrameRate frameRate=-4.0, this=com.getcapacitor.CapacitorWebView{3bc2843 VFEDHVC.. .F...... 0,0-1440,3120 #7f0800c6 app:id/webview aid=1073741824}, caller=WV.hf.b:1 WV.jg.h:118 WV.jg.onDraw:7 com.android.webview.chromium.WebViewChromium.onDraw:19 android.webkit.WebView.onDraw:2959 
11-27 14:28:46.359 I/View    ( 8181): setRequestedFrameRate frameRate=-4.0, this=com.getcapacitor.CapacitorWebView{3bc2843 VFEDHVC.. .F...... 0,0-1440,3120 #7f0800c6 app:id/webview aid=1073741824}, caller=WV.hf.b:1 WV.jg.h:118 WV.jg.onDraw:7 com.android.webview.chromium.WebViewChromium.onDraw:19 android.webkit.WebView.onDraw:2959 
11-27 14:28:46.367 I/View    ( 8181): setRequestedFrameRate frameRate=-4.0, this=com.getcapacitor.CapacitorWebView{3bc2843 VFEDHVC.. .F...... 0,0-1440,3120 #7f0800c6 app:id/webview aid=1073741824}, caller=WV.hf.b:1 WV.jg.h:118 WV.jg.onDraw:7 com.android.webview.chromium.WebViewChromium.onDraw:19 android.webkit.WebView.onDraw:2959 
11-27 14:28:46.375 I/View    ( 8181): setRequestedFrameRate frameRate=-4.0, this=com.getcapacitor.CapacitorWebView{3bc2843 VFEDHVC.. .F...... 0,0-1440,3120 #7f0800c6 app:id/webview aid=1073741824}, caller=WV.hf.b:1 WV.jg.h:118 WV.jg.onDraw:7 com.android.webview.chromium.WebViewChromium.onDraw:19 android.webkit.WebView.onDraw:2959 
11-27 14:28:46.383 I/View    ( 8181): setRequestedFrameRate frameRate=-4.0, this=com.getcapacitor.CapacitorWebView{3bc2843 VFEDHVC.. .F...... 0,0-1440,3120 #7f0800c6 app:id/webview aid=1073741824}, caller=WV.hf.b:1 WV.jg.h:118 WV.jg.onDraw:7 com.android.webview.chromium.WebViewChromium.onDraw:19 android.webkit.WebView.onDraw:2959 
11-27 14:28:46.392 I/View    ( 8181): setRequestedFrameRate frameRate=-4.0, this=com.getcapacitor.CapacitorWebView{3bc2843 VFEDHVC.. .F...... 0,0-1440,3120 #7f0800c6 app:id/webview aid=1073741824}, caller=WV.hf.b:1 WV.jg.h:118 WV.jg.onDraw:7 com.android.webview.chromium.WebViewChromium.onDraw:19 android.webkit.WebView.onDraw:2959 
11-27 14:28:46.400 I/View    ( 8181): setRequestedFrameRate frameRate=-4.0, this=com.getcapacitor.CapacitorWebView{3bc2843 VFEDHVC.. .F...... 0,0-1440,3120 #7f0800c6 app:id/webview aid=1073741824}, caller=WV.hf.b:1 WV.jg.h:118 WV.jg.onDraw:7 com.android.webview.chromium.WebViewChromium.onDraw:19 android.webkit.WebView.onDraw:2959 
11-27 14:28:46.408 I/View    ( 8181): setRequestedFrameRate frameRate=-4.0, this=com.getcapacitor.CapacitorWebView{3bc2843 VFEDHVC.. .F...... 0,0-1440,3120 #7f0800c6 app:id/webview aid=1073741824}, caller=WV.hf.b:1 WV.jg.h:118 WV.jg.onDraw:7 com.android.webview.chromium.WebViewChromium.onDraw:19 android.webkit.WebView.onDraw:2959 
11-27 14:28:46.415 E/Capacitor/Console( 8181): File: https://localhost/club/sporting-cat/dashboard - Line 0 - Msg: Access to fetch at 'https://us-central1-m-padelweb.cloudfunctions.net/getUserNotifications' from origin 'https://localhost' has been blocked by CORS policy: Response to preflight request doesn't pass access control check: No 'Access-Control-Allow-Origin' header is present on the requested resource.
11-27 14:28:46.417 I/View    ( 8181): setRequestedFrameRate frameRate=-4.0, this=com.getcapacitor.CapacitorWebView{3bc2843 VFEDHVC.. .F...... 0,0-1440,3120 #7f0800c6 app:id/webview aid=1073741824}, caller=WV.hf.b:1 WV.jg.h:118 WV.jg.onDraw:7 com.android.webview.chromium.WebViewChromium.onDraw:19 android.webkit.WebView.onDraw:2959 
11-27 14:28:46.425 I/View    ( 8181): setRequestedFrameRate frameRate=-4.0, this=com.getcapacitor.CapacitorWebView{3bc2843 VFEDHVC.. .F...... 0,0-1440,3120 #7f0800c6 app:id/webview aid=1073741824}, caller=WV.hf.b:1 WV.jg.h:118 WV.jg.onDraw:7 com.android.webview.chromium.WebViewChromium.onDraw:19 android.webkit.WebView.onDraw:2959 
11-27 14:28:46.433 I/View    ( 8181): setRequestedFrameRate frameRate=-4.0, this=com.getcapacitor.CapacitorWebView{3bc2843 VFEDHVC.. .F...... 0,0-1440,3120 #7f0800c6 app:id/webview aid=1073741824}, caller=WV.hf.b:1 WV.jg.h:118 WV.jg.onDraw:7 com.android.webview.chromium.WebViewChromium.onDraw:19 android.webkit.WebView.onDraw:2959 
11-27 14:28:46.442 I/View    ( 8181): setRequestedFrameRate frameRate=-4.0, this=com.getcapacitor.CapacitorWebView{3bc2843 VFEDHVC.. .F...... 0,0-1440,3120 #7f0800c6 app:id/webview aid=1073741824}, caller=WV.hf.b:1 WV.jg.h:118 WV.jg.onDraw:7 com.android.webview.chromium.WebViewChromium.onDraw:19 android.webkit.WebView.onDraw:2959 
11-27 14:28:46.450 I/View    ( 8181): setRequestedFrameRate frameRate=-4.0, this=com.getcapacitor.CapacitorWebView{3bc2843 VFEDHVC.. .F...... 0,0-1440,3120 #7f0800c6 app:id/webview aid=1073741824}, caller=WV.hf.b:1 WV.jg.h:118 WV.jg.onDraw:7 com.android.webview.chromium.WebViewChromium.onDraw:19 android.webkit.WebView.onDraw:2959 
11-27 14:28:46.458 I/View    ( 8181): setRequestedFrameRate frameRate=-4.0, this=com.getcapacitor.CapacitorWebView{3bc2843 VFEDHVC.. .F...... 0,0-1440,3120 #7f0800c6 app:id/webview aid=1073741824}, caller=WV.hf.b:1 WV.jg.h:118 WV.jg.onDraw:7 com.android.webview.chromium.WebViewChromium.onDraw:19 android.webkit.WebView.onDraw:2959 
11-27 14:28:46.467 I/View    ( 8181): setRequestedFrameRate frameRate=-4.0, this=com.getcapacitor.CapacitorWebView{3bc2843 VFEDHVC.. .F...... 0,0-1440,3120 #7f0800c6 app:id/webview aid=1073741824}, caller=WV.hf.b:1 WV.jg.h:118 WV.jg.onDraw:7 com.android.webview.chromium.WebViewChromium.onDraw:19 android.webkit.WebView.onDraw:2959 
11-27 14:28:46.475 I/View    ( 8181): setRequestedFrameRate frameRate=-4.0, this=com.getcapacitor.CapacitorWebView{3bc2843 VFEDHVC.. .F...... 0,0-1440,3120 #7f0800c6 app:id/webview aid=1073741824}, caller=WV.hf.b:1 WV.jg.h:118 WV.jg.onDraw:7 com.android.webview.chromium.WebViewChromium.onDraw:19 android.webkit.WebView.onDraw:2959 
11-27 14:28:46.483 I/View    ( 8181): setRequestedFrameRate frameRate=-4.0, this=com.getcapacitor.CapacitorWebView{3bc2843 VFEDHVC.. .F...... 0,0-1440,3120 #7f0800c6 app:id/webview aid=1073741824}, caller=WV.hf.b:1 WV.jg.h:118 WV.jg.onDraw:7 com.android.webview.chromium.WebViewChromium.onDraw:19 android.webkit.WebView.onDraw:2959 
11-27 14:28:46.492 I/View    ( 8181): setRequestedFrameRate frameRate=-4.0, this=com.getcapacitor.CapacitorWebView{3bc2843 VFEDHVC.. .F...... 0,0-1440,3120 #7f0800c6 app:id/webview aid=1073741824}, caller=WV.hf.b:1 WV.jg.h:118 WV.jg.onDraw:7 com.android.webview.chromium.WebViewChromium.onDraw:19 android.webkit.WebView.onDraw:2959 
11-27 14:28:46.500 I/View    ( 8181): setRequestedFrameRate frameRate=-4.0, this=com.getcapacitor.CapacitorWebView{3bc2843 VFEDHVC.. .F...... 0,0-1440,3120 #7f0800c6 app:id/webview aid=1073741824}, caller=WV.hf.b:1 WV.jg.h:118 WV.jg.onDraw:7 com.android.webview.chromium.WebViewChromium.onDraw:19 android.webkit.WebView.onDraw:2959 
11-27 14:28:46.508 I/View    ( 8181): setRequestedFrameRate frameRate=-4.0, this=com.getcapacitor.CapacitorWebView{3bc2843 VFEDHVC.. .F...... 0,0-1440,3120 #7f0800c6 app:id/webview aid=1073741824}, caller=WV.hf.b:1 WV.jg.h:118 WV.jg.onDraw:7 com.android.webview.chromium.WebViewChromium.onDraw:19 android.webkit.WebView.onDraw:2959 
11-27 14:28:46.516 I/View    ( 8181): setRequestedFrameRate frameRate=-4.0, this=com.getcapacitor.CapacitorWebView{3bc2843 VFEDHVC.. .F...... 0,0-1440,3120 #7f0800c6 app:id/webview aid=1073741824}, caller=WV.hf.b:1 WV.jg.h:118 WV.jg.onDraw:7 com.android.webview.chromium.WebViewChromium.onDraw:19 android.webkit.WebView.onDraw:2959 
11-27 14:28:46.525 I/View    ( 8181): setRequestedFrameRate frameRate=-4.0, this=com.getcapacitor.CapacitorWebView{3bc2843 VFEDHVC.. .F...... 0,0-1440,3120 #7f0800c6 app:id/webview aid=1073741824}, caller=WV.hf.b:1 WV.jg.h:118 WV.jg.onDraw:7 com.android.webview.chromium.WebViewChromium.onDraw:19 android.webkit.WebView.onDraw:2959 
11-27 14:28:46.533 I/View    ( 8181): setRequestedFrameRate frameRate=-4.0, this=com.getcapacitor.CapacitorWebView{3bc2843 VFEDHVC.. .F...... 0,0-1440,3120 #7f0800c6 app:id/webview aid=1073741824}, caller=WV.hf.b:1 WV.jg.h:118 WV.jg.onDraw:7 com.android.webview.chromium.WebViewChromium.onDraw:19 android.webkit.WebView.onDraw:2959 
11-27 14:28:46.541 I/View    ( 8181): setRequestedFrameRate frameRate=-4.0, this=com.getcapacitor.CapacitorWebView{3bc2843 VFEDHVC.. .F...... 0,0-1440,3120 #7f0800c6 app:id/webview aid=1073741824}, caller=WV.hf.b:1 WV.jg.h:118 WV.jg.onDraw:7 com.android.webview.chromium.WebViewChromium.onDraw:19 android.webkit.WebView.onDraw:2959 
11-27 14:28:46.550 I/View    ( 8181): setRequestedFrameRate frameRate=-4.0, this=com.getcapacitor.CapacitorWebView{3bc2843 VFEDHVC.. .F...... 0,0-1440,3120 #7f0800c6 app:id/webview aid=1073741824}, caller=WV.hf.b:1 WV.jg.h:118 WV.jg.onDraw:7 com.android.webview.chromium.WebViewChromium.onDraw:19 android.webkit.WebView.onDraw:2959 
11-27 14:28:46.558 I/View    ( 8181): setRequestedFrameRate frameRate=-4.0, this=com.getcapacitor.CapacitorWebView{3bc2843 VFEDHVC.. .F...... 0,0-1440,3120 #7f0800c6 app:id/webview aid=1073741824}, caller=WV.hf.b:1 WV.jg.h:118 WV.jg.onDraw:7 com.android.webview.chromium.WebViewChromium.onDraw:19 android.webkit.WebView.onDraw:2959 
11-27 14:28:46.566 I/View    ( 8181): setRequestedFrameRate frameRate=-4.0, this=com.getcapacitor.CapacitorWebView{3bc2843 VFEDHVC.. .F...... 0,0-1440,3120 #7f0800c6 app:id/webview aid=1073741824}, caller=WV.hf.b:1 WV.jg.h:118 WV.jg.onDraw:7 com.android.webview.chromium.WebViewChromium.onDraw:19 android.webkit.WebView.onDraw:2959 
11-27 14:28:46.575 I/View    ( 8181): setRequestedFrameRate frameRate=-4.0, this=com.getcapacitor.CapacitorWebView{3bc2843 VFEDHVC.. .F...... 0,0-1440,3120 #7f0800c6 app:id/webview aid=1073741824}, caller=WV.hf.b:1 WV.jg.h:118 WV.jg.onDraw:7 com.android.webview.chromium.WebViewChromium.onDraw:19 android.webkit.WebView.onDraw:2959 
11-27 14:28:46.583 I/View    ( 8181): setRequestedFrameRate frameRate=-4.0, this=com.getcapacitor.CapacitorWebView{3bc2843 VFEDHVC.. .F...... 0,0-1440,3120 #7f0800c6 app:id/webview aid=1073741824}, caller=WV.hf.b:1 WV.jg.h:118 WV.jg.onDraw:7 com.android.webview.chromium.WebViewChromium.onDraw:19 android.webkit.WebView.onDraw:2959 
11-27 14:28:46.591 I/View    ( 8181): setRequestedFrameRate frameRate=-4.0, this=com.getcapacitor.CapacitorWebView{3bc2843 VFEDHVC.. .F...... 0,0-1440,3120 #7f0800c6 app:id/webview aid=1073741824}, caller=WV.hf.b:1 WV.jg.h:118 WV.jg.onDraw:7 com.android.webview.chromium.WebViewChromium.onDraw:19 android.webkit.WebView.onDraw:2959 
11-27 14:28:46.600 I/View    ( 8181): setRequestedFrameRate frameRate=-4.0, this=com.getcapacitor.CapacitorWebView{3bc2843 VFEDHVC.. .F...... 0,0-1440,3120 #7f0800c6 app:id/webview aid=1073741824}, caller=WV.hf.b:1 WV.jg.h:118 WV.jg.onDraw:7 com.android.webview.chromium.WebViewChromium.onDraw:19 android.webkit.WebView.onDraw:2959 
11-27 14:28:46.608 I/View    ( 8181): setRequestedFrameRate frameRate=-4.0, this=com.getcapacitor.CapacitorWebView{3bc2843 VFEDHVC.. .F...... 0,0-1440,3120 #7f0800c6 app:id/webview aid=1073741824}, caller=WV.hf.b:1 WV.jg.h:118 WV.jg.onDraw:7 com.android.webview.chromium.WebViewChromium.onDraw:19 android.webkit.WebView.onDraw:2959 
11-27 14:28:46.617 I/View    ( 8181): setRequestedFrameRate frameRate=-4.0, this=com.getcapacitor.CapacitorWebView{3bc2843 VFEDHVC.. .F...... 0,0-1440,3120 #7f0800c6 app:id/webview aid=1073741824}, caller=WV.hf.b:1 WV.jg.h:118 WV.jg.onDraw:7 com.android.webview.chromium.WebViewChromium.onDraw:19 android.webkit.WebView.onDraw:2959 
11-27 14:28:46.625 I/View    ( 8181): setRequestedFrameRate frameRate=-4.0, this=com.getcapacitor.CapacitorWebView{3bc2843 VFEDHVC.. .F...... 0,0-1440,3120 #7f0800c6 app:id/webview aid=1073741824}, caller=WV.hf.b:1 WV.jg.h:118 WV.jg.onDraw:7 com.android.webview.chromium.WebViewChromium.onDraw:19 android.webkit.WebView.onDraw:2959 
11-27 14:28:46.633 I/View    ( 8181): setRequestedFrameRate frameRate=-4.0, this=com.getcapacitor.CapacitorWebView{3bc2843 VFEDHVC.. .F...... 0,0-1440,3120 #7f0800c6 app:id/webview aid=1073741824}, caller=WV.hf.b:1 WV.jg.h:118 WV.jg.onDraw:7 com.android.webview.chromium.WebViewChromium.onDraw:19 android.webkit.WebView.onDraw:2959 
11-27 14:28:46.641 I/View    ( 8181): setRequestedFrameRate frameRate=-4.0, this=com.getcapacitor.CapacitorWebView{3bc2843 VFEDHVC.. .F...... 0,0-1440,3120 #7f0800c6 app:id/webview aid=1073741824}, caller=WV.hf.b:1 WV.jg.h:118 WV.jg.onDraw:7 com.android.webview.chromium.WebViewChromium.onDraw:19 android.webkit.WebView.onDraw:2959 
11-27 14:28:46.649 I/View    ( 8181): setRequestedFrameRate frameRate=-4.0, this=com.getcapacitor.CapacitorWebView{3bc2843 VFEDHVC.. .F...... 0,0-1440,3120 #7f0800c6 app:id/webview aid=1073741824}, caller=WV.hf.b:1 WV.jg.h:118 WV.jg.onDraw:7 com.android.webview.chromium.WebViewChromium.onDraw:19 android.webkit.WebView.onDraw:2959 
11-27 14:28:46.658 I/View    ( 8181): setRequestedFrameRate frameRate=-4.0, this=com.getcapacitor.CapacitorWebView{3bc2843 VFEDHVC.. .F...... 0,0-1440,3120 #7f0800c6 app:id/webview aid=1073741824}, caller=WV.hf.b:1 WV.jg.h:118 WV.jg.onDraw:7 com.android.webview.chromium.WebViewChromium.onDraw:19 android.webkit.WebView.onDraw:2959 
11-27 14:28:46.666 I/View    ( 8181): setRequestedFrameRate frameRate=-4.0, this=com.getcapacitor.CapacitorWebView{3bc2843 VFEDHVC.. .F...... 0,0-1440,3120 #7f0800c6 app:id/webview aid=1073741824}, caller=WV.hf.b:1 WV.jg.h:118 WV.jg.onDraw:7 com.android.webview.chromium.WebViewChromium.onDraw:19 android.webkit.WebView.onDraw:2959 
11-27 14:28:46.674 I/View    ( 8181): setRequestedFrameRate frameRate=-4.0, this=com.getcapacitor.CapacitorWebView{3bc2843 VFEDHVC.. .F...... 0,0-1440,3120 #7f0800c6 app:id/webview aid=1073741824}, caller=WV.hf.b:1 WV.jg.h:118 WV.jg.onDraw:7 com.android.webview.chromium.WebViewChromium.onDraw:19 android.webkit.WebView.onDraw:2959 
11-27 14:28:46.683 I/View    ( 8181): setRequestedFrameRate frameRate=-4.0, this=com.getcapacitor.CapacitorWebView{3bc2843 VFEDHVC.. .F...... 0,0-1440,3120 #7f0800c6 app:id/webview aid=1073741824}, caller=WV.hf.b:1 WV.jg.h:118 WV.jg.onDraw:7 com.android.webview.chromium.WebViewChromium.onDraw:19 android.webkit.WebView.onDraw:2959 
11-27 14:28:46.692 I/View    ( 8181): setRequestedFrameRate frameRate=-4.0, this=com.getcapacitor.CapacitorWebView{3bc2843 VFEDHVC.. .F...... 0,0-1440,3120 #7f0800c6 app:id/webview aid=1073741824}, caller=WV.hf.b:1 WV.jg.h:118 WV.jg.onDraw:7 com.android.webview.chromium.WebViewChromium.onDraw:19 android.webkit.WebView.onDraw:2959 
11-27 14:28:46.700 I/View    ( 8181): setRequestedFrameRate frameRate=-4.0, this=com.getcapacitor.CapacitorWebView{3bc2843 VFEDHVC.. .F...... 0,0-1440,3120 #7f0800c6 app:id/webview aid=1073741824}, caller=WV.hf.b:1 WV.jg.h:118 WV.jg.onDraw:7 com.android.webview.chromium.WebViewChromium.onDraw:19 android.webkit.WebView.onDraw:2959 
11-27 14:28:46.708 I/View    ( 8181): setRequestedFrameRate frameRate=-4.0, this=com.getcapacitor.CapacitorWebView{3bc2843 VFEDHVC.. .F...... 0,0-1440,3120 #7f0800c6 app:id/webview aid=1073741824}, caller=WV.hf.b:1 WV.jg.h:118 WV.jg.onDraw:7 com.android.webview.chromium.WebViewChromium.onDraw:19 android.webkit.WebView.onDraw:2959 
11-27 14:28:46.716 I/View    ( 8181): setRequestedFrameRate frameRate=-4.0, this=com.getcapacitor.CapacitorWebView{3bc2843 VFEDHVC.. .F...... 0,0-1440,3120 #7f0800c6 app:id/webview aid=1073741824}, caller=WV.hf.b:1 WV.jg.h:118 WV.jg.onDraw:7 com.android.webview.chromium.WebViewChromium.onDraw:19 android.webkit.WebView.onDraw:2959 
11-27 14:28:46.724 I/View    ( 8181): setRequestedFrameRate frameRate=-4.0, this=com.getcapacitor.CapacitorWebView{3bc2843 VFEDHVC.. .F...... 0,0-1440,3120 #7f0800c6 app:id/webview aid=1073741824}, caller=WV.hf.b:1 WV.jg.h:118 WV.jg.onDraw:7 com.android.webview.chromium.WebViewChromium.onDraw:19 android.webkit.WebView.onDraw:2959 
11-27 14:28:46.733 I/View    ( 8181): setRequestedFrameRate frameRate=-4.0, this=com.getcapacitor.CapacitorWebView{3bc2843 VFEDHVC.. .F...... 0,0-1440,3120 #7f0800c6 app:id/webview aid=1073741824}, caller=WV.hf.b:1 WV.jg.h:118 WV.jg.onDraw:7 com.android.webview.chromium.WebViewChromium.onDraw:19 android.webkit.WebView.onDraw:2959 
11-27 14:28:46.741 I/View    ( 8181): setRequestedFrameRate frameRate=-4.0, this=com.getcapacitor.CapacitorWebView{3bc2843 VFEDHVC.. .F...... 0,0-1440,3120 #7f0800c6 app:id/webview aid=1073741824}, caller=WV.hf.b:1 WV.jg.h:118 WV.jg.onDraw:7 com.android.webview.chromium.WebViewChromium.onDraw:19 android.webkit.WebView.onDraw:2959 
11-27 14:28:46.750 I/View    ( 8181): setRequestedFrameRate frameRate=-4.0, this=com.getcapacitor.CapacitorWebView{3bc2843 VFEDHVC.. .F...... 0,0-1440,3120 #7f0800c6 app:id/webview aid=1073741824}, caller=WV.hf.b:1 WV.jg.h:118 WV.jg.onDraw:7 com.android.webview.chromium.WebViewChromium.onDraw:19 android.webkit.WebView.onDraw:2959 
11-27 14:28:46.758 I/View    ( 8181): setRequestedFrameRate frameRate=-4.0, this=com.getcapacitor.CapacitorWebView{3bc2843 VFEDHVC.. .F...... 0,0-1440,3120 #7f0800c6 app:id/webview aid=1073741824}, caller=WV.hf.b:1 WV.jg.h:118 WV.jg.onDraw:7 com.android.webview.chromium.WebViewChromium.onDraw:19 android.webkit.WebView.onDraw:2959 
11-27 14:28:46.766 I/View    ( 8181): setRequestedFrameRate frameRate=-4.0, this=com.getcapacitor.CapacitorWebView{3bc2843 VFEDHVC.. .F...... 0,0-1440,3120 #7f0800c6 app:id/webview aid=1073741824}, caller=WV.hf.b:1 WV.jg.h:118 WV.jg.onDraw:7 com.android.webview.chromium.WebViewChromium.onDraw:19 android.webkit.WebView.onDraw:2959 
11-27 14:28:46.775 I/View    ( 8181): setRequestedFrameRate frameRate=-4.0, this=com.getcapacitor.CapacitorWebView{3bc2843 VFEDHVC.. .F...... 0,0-1440,3120 #7f0800c6 app:id/webview aid=1073741824}, caller=WV.hf.b:1 WV.jg.h:118 WV.jg.onDraw:7 com.android.webview.chromium.WebViewChromium.onDraw:19 android.webkit.WebView.onDraw:2959 
11-27 14:28:46.783 I/View    ( 8181): setRequestedFrameRate frameRate=-4.0, this=com.getcapacitor.CapacitorWebView{3bc2843 VFEDHVC.. .F...... 0,0-1440,3120 #7f0800c6 app:id/webview aid=1073741824}, caller=WV.hf.b:1 WV.jg.h:118 WV.jg.onDraw:7 com.android.webview.chromium.WebViewChromium.onDraw:19 android.webkit.WebView.onDraw:2959 
11-27 14:28:46.791 I/View    ( 8181): setRequestedFrameRate frameRate=-4.0, this=com.getcapacitor.CapacitorWebView{3bc2843 VFEDHVC.. .F...... 0,0-1440,3120 #7f0800c6 app:id/webview aid=1073741824}, caller=WV.hf.b:1 WV.jg.h:118 WV.jg.onDraw:7 com.android.webview.chromium.WebViewChromium.onDraw:19 android.webkit.WebView.onDraw:2959 
11-27 14:28:46.800 I/View    ( 8181): setRequestedFrameRate frameRate=-4.0, this=com.getcapacitor.CapacitorWebView{3bc2843 VFEDHVC.. .F...... 0,0-1440,3120 #7f0800c6 app:id/webview aid=1073741824}, caller=WV.hf.b:1 WV.jg.h:118 WV.jg.onDraw:7 com.android.webview.chromium.WebViewChromium.onDraw:19 android.webkit.WebView.onDraw:2959 
11-27 14:28:46.808 I/View    ( 8181): setRequestedFrameRate frameRate=-4.0, this=com.getcapacitor.CapacitorWebView{3bc2843 VFEDHVC.. .F...... 0,0-1440,3120 #7f0800c6 app:id/webview aid=1073741824}, caller=WV.hf.b:1 WV.jg.h:118 WV.jg.onDraw:7 com.android.webview.chromium.WebViewChromium.onDraw:19 android.webkit.WebView.onDraw:2959 
11-27 14:28:46.816 I/View    ( 8181): setRequestedFrameRate frameRate=-4.0, this=com.getcapacitor.CapacitorWebView{3bc2843 VFEDHVC.. .F...... 0,0-1440,3120 #7f0800c6 app:id/webview aid=1073741824}, caller=WV.hf.b:1 WV.jg.h:118 WV.jg.onDraw:7 com.android.webview.chromium.WebViewChromium.onDraw:19 android.webkit.WebView.onDraw:2959 
11-27 14:28:46.825 I/View    ( 8181): setRequestedFrameRate frameRate=-4.0, this=com.getcapacitor.CapacitorWebView{3bc2843 VFEDHVC.. .F...... 0,0-1440,3120 #7f0800c6 app:id/webview aid=1073741824}, caller=WV.hf.b:1 WV.jg.h:118 WV.jg.onDraw:7 com.android.webview.chromium.WebViewChromium.onDraw:19 android.webkit.WebView.onDraw:2959 
11-27 14:28:46.833 I/View    ( 8181): setRequestedFrameRate frameRate=-4.0, this=com.getcapacitor.CapacitorWebView{3bc2843 VFEDHVC.. .F...... 0,0-1440,3120 #7f0800c6 app:id/webview aid=1073741824}, caller=WV.hf.b:1 WV.jg.h:118 WV.jg.onDraw:7 com.android.webview.chromium.WebViewChromium.onDraw:19 android.webkit.WebView.onDraw:2959 
11-27 14:28:46.841 I/View    ( 8181): setRequestedFrameRate frameRate=-4.0, this=com.getcapacitor.CapacitorWebView{3bc2843 VFEDHVC.. .F...... 0,0-1440,3120 #7f0800c6 app:id/webview aid=1073741824}, caller=WV.hf.b:1 WV.jg.h:118 WV.jg.onDraw:7 com.android.webview.chromium.WebViewChromium.onDraw:19 android.webkit.WebView.onDraw:2959 
11-27 14:28:46.850 I/View    ( 8181): setRequestedFrameRate frameRate=-4.0, this=com.getcapacitor.CapacitorWebView{3bc2843 VFEDHVC.. .F...... 0,0-1440,3120 #7f0800c6 app:id/webview aid=1073741824}, caller=WV.hf.b:1 WV.jg.h:118 WV.jg.onDraw:7 com.android.webview.chromium.WebViewChromium.onDraw:19 android.webkit.WebView.onDraw:2959 
